// Jest Snapshot v1, https://goo.gl/fbAQLP

exports[`ModuleGenerator should generate a core module from a domain 1`] = `
{
  "behaviors": "[{"id":"","module_id":"","name":"userregistration","description":"Allows new users to register","trigger":"rpc_call","input_schema":"{}","output_schema":"{}","actions":"[\\"User must provide email and password\\",\\"Password must be hashed\\"]","created_at":1234567890,"updated_at":1234567890}]",
  "description": "Handles user authentication and profiles",
  "domain_id": "domain-1",
  "flows": "[]",
  "interface": "{"type":"rpc_api","description":"API for UserManagement operations"}",
  "name": "usermanagement",
  "state": "{"type":"postgresql","schema":"usermanagement_schema"}",
  "things": "[{"id":"","module_id":"","name":"Allows","description":"Allows entity","schema":"{\\"type\\":\\"object\\",\\"properties\\":{\\"id\\":{\\"type\\":\\"string\\",\\"format\\":\\"uuid\\"},\\"created_at\\":{\\"type\\":\\"string\\",\\"format\\":\\"date-time\\"},\\"updated_at\\":{\\"type\\":\\"string\\",\\"format\\":\\"date-time\\"}},\\"required\\":[\\"id\\"]}","invariants":"[]","relationships":"[]","created_at":1234567890,"updated_at":1234567890},{"id":"","module_id":"","name":"new","description":"new entity","schema":"{\\"type\\":\\"object\\",\\"properties\\":{\\"id\\":{\\"type\\":\\"string\\",\\"format\\":\\"uuid\\"},\\"created_at\\":{\\"type\\":\\"string\\",\\"format\\":\\"date-time\\"},\\"updated_at\\":{\\"type\\":\\"string\\",\\"format\\":\\"date-time\\"}},\\"required\\":[\\"id\\"]}","invariants":"[]","relationships":"[]","created_at":1234567890,"updated_at":1234567890},{"id":"","module_id":"","name":"users","description":"users entity","schema":"{\\"type\\":\\"object\\",\\"properties\\":{\\"id\\":{\\"type\\":\\"string\\",\\"format\\":\\"uuid\\"},\\"created_at\\":{\\"type\\":\\"string\\",\\"format\\":\\"date-time\\"},\\"updated_at\\":{\\"type\\":\\"string\\",\\"format\\":\\"date-time\\"}},\\"required\\":[\\"id\\"]}","invariants":"[]","relationships":"[]","created_at":1234567890,"updated_at":1234567890},{"id":"","module_id":"","name":"register","description":"register entity","schema":"{\\"type\\":\\"object\\",\\"properties\\":{\\"id\\":{\\"type\\":\\"string\\",\\"format\\":\\"uuid\\"},\\"created_at\\":{\\"type\\":\\"string\\",\\"format\\":\\"date-time\\"},\\"updated_at\\":{\\"type\\":\\"string\\",\\"format\\":\\"date-time\\"}},\\"required\\":[\\"id\\"]}","invariants":"[]","relationships":"[]","created_at":1234567890,"updated_at":1234567890},{"id":"","module_id":"","name":"User","description":"User entity","schema":"{\\"type\\":\\"object\\",\\"properties\\":{\\"id\\":{\\"type\\":\\"string\\",\\"format\\":\\"uuid\\"},\\"created_at\\":{\\"type\\":\\"string\\",\\"format\\":\\"date-time\\"},\\"updated_at\\":{\\"type\\":\\"string\\",\\"format\\":\\"date-time\\"}},\\"required\\":[\\"id\\"]}","invariants":"[]","relationships":"[]","created_at":1234567890,"updated_at":1234567890},{"id":"","module_id":"","name":"must","description":"must entity","schema":"{\\"type\\":\\"object\\",\\"properties\\":{\\"id\\":{\\"type\\":\\"string\\",\\"format\\":\\"uuid\\"},\\"created_at\\":{\\"type\\":\\"string\\",\\"format\\":\\"date-time\\"},\\"updated_at\\":{\\"type\\":\\"string\\",\\"format\\":\\"date-time\\"}},\\"required\\":[\\"id\\"]}","invariants":"[]","relationships":"[]","created_at":1234567890,"updated_at":1234567890},{"id":"","module_id":"","name":"provide","description":"provide entity","schema":"{\\"type\\":\\"object\\",\\"properties\\":{\\"id\\":{\\"type\\":\\"string\\",\\"format\\":\\"uuid\\"},\\"created_at\\":{\\"type\\":\\"string\\",\\"format\\":\\"date-time\\"},\\"updated_at\\":{\\"type\\":\\"string\\",\\"format\\":\\"date-time\\"}},\\"required\\":[\\"id\\"]}","invariants":"[]","relationships":"[]","created_at":1234567890,"updated_at":1234567890},{"id":"","module_id":"","name":"email","description":"email entity","schema":"{\\"type\\":\\"object\\",\\"properties\\":{\\"id\\":{\\"type\\":\\"string\\",\\"format\\":\\"uuid\\"},\\"created_at\\":{\\"type\\":\\"string\\",\\"format\\":\\"date-time\\"},\\"updated_at\\":{\\"type\\":\\"string\\",\\"format\\":\\"date-time\\"}},\\"required\\":[\\"id\\"]}","invariants":"[]","relationships":"[]","created_at":1234567890,"updated_at":1234567890},{"id":"","module_id":"","name":"password","description":"password entity","schema":"{\\"type\\":\\"object\\",\\"properties\\":{\\"id\\":{\\"type\\":\\"string\\",\\"format\\":\\"uuid\\"},\\"created_at\\":{\\"type\\":\\"string\\",\\"format\\":\\"date-time\\"},\\"updated_at\\":{\\"type\\":\\"string\\",\\"format\\":\\"date-time\\"}},\\"required\\":[\\"id\\"]}","invariants":"[]","relationships":"[]","created_at":1234567890,"updated_at":1234567890},{"id":"","module_id":"","name":"Password","description":"Password entity","schema":"{\\"type\\":\\"object\\",\\"properties\\":{\\"id\\":{\\"type\\":\\"string\\",\\"format\\":\\"uuid\\"},\\"created_at\\":{\\"type\\":\\"string\\",\\"format\\":\\"date-time\\"},\\"updated_at\\":{\\"type\\":\\"string\\",\\"format\\":\\"date-time\\"}},\\"required\\":[\\"id\\"]}","invariants":"[]","relationships":"[]","created_at":1234567890,"updated_at":1234567890},{"id":"","module_id":"","name":"hashed","description":"hashed entity","schema":"{\\"type\\":\\"object\\",\\"properties\\":{\\"id\\":{\\"type\\":\\"string\\",\\"format\\":\\"uuid\\"},\\"created_at\\":{\\"type\\":\\"string\\",\\"format\\":\\"date-time\\"},\\"updated_at\\":{\\"type\\":\\"string\\",\\"format\\":\\"date-time\\"}},\\"required\\":[\\"id\\"]}","invariants":"[]","relationships":"[]","created_at":1234567890,"updated_at":1234567890}]",
  "type": "core",
}
`;

exports[`ModuleGenerator should generate a ui module from a domain 1`] = `
{
  "behaviors": "[{"id":"","module_id":"","name":"viewanalytic","description":"Allows users to view their fitness analytics on a dashboard","trigger":"rpc_call","input_schema":"{}","output_schema":"{}","actions":"[\\"Display charts\\",\\"Show progress graphs\\"]","created_at":1234567890,"updated_at":1234567890}]",
  "components": "[]",
  "description": "Displays user dashboard and analytics",
  "domain_id": "domain-2",
  "flows": "[]",
  "interface": "{"type":"web_app","description":"Web interface for DashboardDisplay"}",
  "name": "dashboarddisplay",
  "screens": "[]",
  "state": "{"type":"nanostores","stores":[]}",
  "things": "[{"id":"","module_id":"","name":"Allows","description":"Allows entity","schema":"{\\"type\\":\\"object\\",\\"properties\\":{\\"id\\":{\\"type\\":\\"string\\",\\"format\\":\\"uuid\\"},\\"created_at\\":{\\"type\\":\\"string\\",\\"format\\":\\"date-time\\"},\\"updated_at\\":{\\"type\\":\\"string\\",\\"format\\":\\"date-time\\"}},\\"required\\":[\\"id\\"]}","invariants":"[]","relationships":"[]","created_at":1234567890,"updated_at":1234567890},{"id":"","module_id":"","name":"users","description":"users entity","schema":"{\\"type\\":\\"object\\",\\"properties\\":{\\"id\\":{\\"type\\":\\"string\\",\\"format\\":\\"uuid\\"},\\"created_at\\":{\\"type\\":\\"string\\",\\"format\\":\\"date-time\\"},\\"updated_at\\":{\\"type\\":\\"string\\",\\"format\\":\\"date-time\\"}},\\"required\\":[\\"id\\"]}","invariants":"[]","relationships":"[]","created_at":1234567890,"updated_at":1234567890},{"id":"","module_id":"","name":"view","description":"view entity","schema":"{\\"type\\":\\"object\\",\\"properties\\":{\\"id\\":{\\"type\\":\\"string\\",\\"format\\":\\"uuid\\"},\\"created_at\\":{\\"type\\":\\"string\\",\\"format\\":\\"date-time\\"},\\"updated_at\\":{\\"type\\":\\"string\\",\\"format\\":\\"date-time\\"}},\\"required\\":[\\"id\\"]}","invariants":"[]","relationships":"[]","created_at":1234567890,"updated_at":1234567890},{"id":"","module_id":"","name":"their","description":"their entity","schema":"{\\"type\\":\\"object\\",\\"properties\\":{\\"id\\":{\\"type\\":\\"string\\",\\"format\\":\\"uuid\\"},\\"created_at\\":{\\"type\\":\\"string\\",\\"format\\":\\"date-time\\"},\\"updated_at\\":{\\"type\\":\\"string\\",\\"format\\":\\"date-time\\"}},\\"required\\":[\\"id\\"]}","invariants":"[]","relationships":"[]","created_at":1234567890,"updated_at":1234567890},{"id":"","module_id":"","name":"fitness","description":"fitness entity","schema":"{\\"type\\":\\"object\\",\\"properties\\":{\\"id\\":{\\"type\\":\\"string\\",\\"format\\":\\"uuid\\"},\\"created_at\\":{\\"type\\":\\"string\\",\\"format\\":\\"date-time\\"},\\"updated_at\\":{\\"type\\":\\"string\\",\\"format\\":\\"date-time\\"}},\\"required\\":[\\"id\\"]}","invariants":"[]","relationships":"[]","created_at":1234567890,"updated_at":1234567890},{"id":"","module_id":"","name":"analytics","description":"analytics entity","schema":"{\\"type\\":\\"object\\",\\"properties\\":{\\"id\\":{\\"type\\":\\"string\\",\\"format\\":\\"uuid\\"},\\"created_at\\":{\\"type\\":\\"string\\",\\"format\\":\\"date-time\\"},\\"updated_at\\":{\\"type\\":\\"string\\",\\"format\\":\\"date-time\\"}},\\"required\\":[\\"id\\"]}","invariants":"[]","relationships":"[]","created_at":1234567890,"updated_at":1234567890},{"id":"","module_id":"","name":"dashboard","description":"dashboard entity","schema":"{\\"type\\":\\"object\\",\\"properties\\":{\\"id\\":{\\"type\\":\\"string\\",\\"format\\":\\"uuid\\"},\\"created_at\\":{\\"type\\":\\"string\\",\\"format\\":\\"date-time\\"},\\"updated_at\\":{\\"type\\":\\"string\\",\\"format\\":\\"date-time\\"}},\\"required\\":[\\"id\\"]}","invariants":"[]","relationships":"[]","created_at":1234567890,"updated_at":1234567890},{"id":"","module_id":"","name":"Display","description":"Display entity","schema":"{\\"type\\":\\"object\\",\\"properties\\":{\\"id\\":{\\"type\\":\\"string\\",\\"format\\":\\"uuid\\"},\\"created_at\\":{\\"type\\":\\"string\\",\\"format\\":\\"date-time\\"},\\"updated_at\\":{\\"type\\":\\"string\\",\\"format\\":\\"date-time\\"}},\\"required\\":[\\"id\\"]}","invariants":"[]","relationships":"[]","created_at":1234567890,"updated_at":1234567890},{"id":"","module_id":"","name":"charts","description":"charts entity","schema":"{\\"type\\":\\"object\\",\\"properties\\":{\\"id\\":{\\"type\\":\\"string\\",\\"format\\":\\"uuid\\"},\\"created_at\\":{\\"type\\":\\"string\\",\\"format\\":\\"date-time\\"},\\"updated_at\\":{\\"type\\":\\"string\\",\\"format\\":\\"date-time\\"}},\\"required\\":[\\"id\\"]}","invariants":"[]","relationships":"[]","created_at":1234567890,"updated_at":1234567890},{"id":"","module_id":"","name":"Show","description":"Show entity","schema":"{\\"type\\":\\"object\\",\\"properties\\":{\\"id\\":{\\"type\\":\\"string\\",\\"format\\":\\"uuid\\"},\\"created_at\\":{\\"type\\":\\"string\\",\\"format\\":\\"date-time\\"},\\"updated_at\\":{\\"type\\":\\"string\\",\\"format\\":\\"date-time\\"}},\\"required\\":[\\"id\\"]}","invariants":"[]","relationships":"[]","created_at":1234567890,"updated_at":1234567890},{"id":"","module_id":"","name":"progress","description":"progress entity","schema":"{\\"type\\":\\"object\\",\\"properties\\":{\\"id\\":{\\"type\\":\\"string\\",\\"format\\":\\"uuid\\"},\\"created_at\\":{\\"type\\":\\"string\\",\\"format\\":\\"date-time\\"},\\"updated_at\\":{\\"type\\":\\"string\\",\\"format\\":\\"date-time\\"}},\\"required\\":[\\"id\\"]}","invariants":"[]","relationships":"[]","created_at":1234567890,"updated_at":1234567890},{"id":"","module_id":"","name":"graphs","description":"graphs entity","schema":"{\\"type\\":\\"object\\",\\"properties\\":{\\"id\\":{\\"type\\":\\"string\\",\\"format\\":\\"uuid\\"},\\"created_at\\":{\\"type\\":\\"string\\",\\"format\\":\\"date-time\\"},\\"updated_at\\":{\\"type\\":\\"string\\",\\"format\\":\\"date-time\\"}},\\"required\\":[\\"id\\"]}","invariants":"[]","relationships":"[]","created_at":1234567890,"updated_at":1234567890}]",
  "type": "ui",
}
`;
